../Core/Src/oled_SC2104.c:17:6:OLED_WR_Byte	24	static
../Core/Src/oled_SC2104.c:43:6:OLED_Refresh_Gram	16	static
../Core/Src/oled_SC2104.c:58:6:OLED_Clear	16	static
../Core/Src/oled_SC2104.c:68:6:OLED_Display_On	8	static
../Core/Src/oled_SC2104.c:77:6:OLED_Display_Off	8	static
../Core/Src/oled_SC2104.c:87:6:OLED_DrawPoint	24	static
../Core/Src/oled_SC2104.c:100:6:OLED_ShowChar	32	static
../Core/Src/oled_SC2104.c:125:10:oled_pow	24	static
../Core/Src/oled_SC2104.c:135:6:OLED_ShowNumber	40	static
../Core/Src/oled_SC2104.c:157:6:OLED_ShowString	24	static
../Core/Src/oled_SC2104.c:171:6:OLED_Init	8	static
