Archive member included to satisfy reference by file (symbol)

c:/st/stm32cubeide_1.9.0/stm32cubeide/plugins/com.st.stm32cube.ide.mcu.externaltools.gnu-tools-for-stm32.10.3-2021.10.win32_1.0.0.202111181127/tools/bin/../lib/gcc/arm-none-eabi/10.3.1/../../../../arm-none-eabi/lib/thumb/v7e-m+fp/hard\libc_nano.a(lib_a-errno.o)
                              ./Core/Src/syscalls.o (__errno)
c:/st/stm32cubeide_1.9.0/stm32cubeide/plugins/com.st.stm32cube.ide.mcu.externaltools.gnu-tools-for-stm32.10.3-2021.10.win32_1.0.0.202111181127/tools/bin/../lib/gcc/arm-none-eabi/10.3.1/../../../../arm-none-eabi/lib/thumb/v7e-m+fp/hard\libc_nano.a(lib_a-exit.o)
                              c:/st/stm32cubeide_1.9.0/stm32cubeide/plugins/com.st.stm32cube.ide.mcu.externaltools.gnu-tools-for-stm32.10.3-2021.10.win32_1.0.0.202111181127/tools/bin/../lib/gcc/arm-none-eabi/10.3.1/../../../../arm-none-eabi/lib/thumb/v7e-m+fp/hard/crt0.o (exit)
c:/st/stm32cubeide_1.9.0/stm32cubeide/plugins/com.st.stm32cube.ide.mcu.externaltools.gnu-tools-for-stm32.10.3-2021.10.win32_1.0.0.202111181127/tools/bin/../lib/gcc/arm-none-eabi/10.3.1/../../../../arm-none-eabi/lib/thumb/v7e-m+fp/hard\libc_nano.a(lib_a-impure.o)
                              c:/st/stm32cubeide_1.9.0/stm32cubeide/plugins/com.st.stm32cube.ide.mcu.externaltools.gnu-tools-for-stm32.10.3-2021.10.win32_1.0.0.202111181127/tools/bin/../lib/gcc/arm-none-eabi/10.3.1/../../../../arm-none-eabi/lib/thumb/v7e-m+fp/hard\libc_nano.a(lib_a-exit.o) (_global_impure_ptr)
c:/st/stm32cubeide_1.9.0/stm32cubeide/plugins/com.st.stm32cube.ide.mcu.externaltools.gnu-tools-for-stm32.10.3-2021.10.win32_1.0.0.202111181127/tools/bin/../lib/gcc/arm-none-eabi/10.3.1/../../../../arm-none-eabi/lib/thumb/v7e-m+fp/hard\libc_nano.a(lib_a-init.o)
                              c:/st/stm32cubeide_1.9.0/stm32cubeide/plugins/com.st.stm32cube.ide.mcu.externaltools.gnu-tools-for-stm32.10.3-2021.10.win32_1.0.0.202111181127/tools/bin/../lib/gcc/arm-none-eabi/10.3.1/../../../../arm-none-eabi/lib/thumb/v7e-m+fp/hard/crt0.o (__libc_init_array)
c:/st/stm32cubeide_1.9.0/stm32cubeide/plugins/com.st.stm32cube.ide.mcu.externaltools.gnu-tools-for-stm32.10.3-2021.10.win32_1.0.0.202111181127/tools/bin/../lib/gcc/arm-none-eabi/10.3.1/../../../../arm-none-eabi/lib/thumb/v7e-m+fp/hard\libc_nano.a(lib_a-memset.o)
                              c:/st/stm32cubeide_1.9.0/stm32cubeide/plugins/com.st.stm32cube.ide.mcu.externaltools.gnu-tools-for-stm32.10.3-2021.10.win32_1.0.0.202111181127/tools/bin/../lib/gcc/arm-none-eabi/10.3.1/../../../../arm-none-eabi/lib/thumb/v7e-m+fp/hard/crt0.o (memset)
c:/st/stm32cubeide_1.9.0/stm32cubeide/plugins/com.st.stm32cube.ide.mcu.externaltools.gnu-tools-for-stm32.10.3-2021.10.win32_1.0.0.202111181127/tools/bin/../lib/gcc/arm-none-eabi/10.3.1/thumb/v7e-m+fp/hard\libgcc.a(_aeabi_uldivmod.o)
                              ./Drivers/STM32F4xx_HAL_Driver/Src/stm32f4xx_hal_rcc.o (__aeabi_uldivmod)
c:/st/stm32cubeide_1.9.0/stm32cubeide/plugins/com.st.stm32cube.ide.mcu.externaltools.gnu-tools-for-stm32.10.3-2021.10.win32_1.0.0.202111181127/tools/bin/../lib/gcc/arm-none-eabi/10.3.1/thumb/v7e-m+fp/hard\libgcc.a(_udivmoddi4.o)
                              c:/st/stm32cubeide_1.9.0/stm32cubeide/plugins/com.st.stm32cube.ide.mcu.externaltools.gnu-tools-for-stm32.10.3-2021.10.win32_1.0.0.202111181127/tools/bin/../lib/gcc/arm-none-eabi/10.3.1/thumb/v7e-m+fp/hard\libgcc.a(_aeabi_uldivmod.o) (__udivmoddi4)
c:/st/stm32cubeide_1.9.0/stm32cubeide/plugins/com.st.stm32cube.ide.mcu.externaltools.gnu-tools-for-stm32.10.3-2021.10.win32_1.0.0.202111181127/tools/bin/../lib/gcc/arm-none-eabi/10.3.1/thumb/v7e-m+fp/hard\libgcc.a(_dvmd_tls.o)
                              c:/st/stm32cubeide_1.9.0/stm32cubeide/plugins/com.st.stm32cube.ide.mcu.externaltools.gnu-tools-for-stm32.10.3-2021.10.win32_1.0.0.202111181127/tools/bin/../lib/gcc/arm-none-eabi/10.3.1/thumb/v7e-m+fp/hard\libgcc.a(_aeabi_uldivmod.o) (__aeabi_ldiv0)

Discarded input sections

 .text          0x0000000000000000        0x0 c:/st/stm32cubeide_1.9.0/stm32cubeide/plugins/com.st.stm32cube.ide.mcu.externaltools.gnu-tools-for-stm32.10.3-2021.10.win32_1.0.0.202111181127/tools/bin/../lib/gcc/arm-none-eabi/10.3.1/thumb/v7e-m+fp/hard/crti.o
 .data          0x0000000000000000        0x0 c:/st/stm32cubeide_1.9.0/stm32cubeide/plugins/com.st.stm32cube.ide.mcu.externaltools.gnu-tools-for-stm32.10.3-2021.10.win32_1.0.0.202111181127/tools/bin/../lib/gcc/arm-none-eabi/10.3.1/thumb/v7e-m+fp/hard/crti.o
 .bss           0x0000000000000000        0x0 c:/st/stm32cubeide_1.9.0/stm32cubeide/plugins/com.st.stm32cube.ide.mcu.externaltools.gnu-tools-for-stm32.10.3-2021.10.win32_1.0.0.202111181127/tools/bin/../lib/gcc/arm-none-eabi/10.3.1/thumb/v7e-m+fp/hard/crti.o
[...]
Memory Configuration

Name             Origin             Length             Attributes
CCMRAM           0x0000000010000000 0x0000000000010000 xrw
RAM              0x0000000020000000 0x0000000000020000 xrw
FLASH            0x0000000008000000 0x0000000000080000 xr
*default*        0x0000000000000000 0xffffffffffffffff

Linker script and memory map

LOAD c:/st/stm32cubeide_1.9.0/stm32cubeide/plugins/com.st.stm32cube.ide.mcu.externaltools.gnu-tools-for-stm32.10.3-2021.10.win32_1.0.0.202111181127/tools/bin/../lib/gcc/arm-none-eabi/10.3.1/thumb/v7e-m+fp/hard/crti.o
LOAD c:/st/stm32cubeide_1.9.0/stm32cubeide/plugins/com.st.stm32cube.ide.mcu.externaltools.gnu-tools-for-stm32.10.3-2021.10.win32_1.0.0.202111181127/tools/bin/../lib/gcc/arm-none-eabi/10.3.1/thumb/v7e-m+fp/hard/crtbegin.o
LOAD c:/st/stm32cubeide_1.9.0/stm32cubeide/plugins/com.st.stm32cube.ide.mcu.externaltools.gnu-tools-for-stm32.10.3-2021.10.win32_1.0.0.202111181127/tools/bin/../lib/gcc/arm-none-eabi/10.3.1/../../../../arm-none-eabi/lib/thumb/v7e-m+fp/hard/crt0.o
LOAD ./Core/Src/main.o
LOAD ./Core/Src/oled_SC2104.o
LOAD ./Core/Src/stm32f4xx_hal_msp.o
LOAD ./Core/Src/stm32f4xx_it.o
LOAD ./Core/Src/syscalls.o
LOAD ./Core/Src/sysmem.o
LOAD ./Core/Src/system_stm32f4xx.o
LOAD ./Core/Startup/startup_stm32f407vetx.o
LOAD ./Drivers/STM32F4xx_HAL_Driver/Src/stm32f4xx_hal.o
LOAD ./Drivers/STM32F4xx_HAL_Driver/Src/stm32f4xx_hal_cortex.o
LOAD ./Drivers/STM32F4xx_HAL_Driver/Src/stm32f4xx_hal_dma.o
LOAD ./Drivers/STM32F4xx_HAL_Driver/Src/stm32f4xx_hal_dma_ex.o
LOAD ./Drivers/STM32F4xx_HAL_Driver/Src/stm32f4xx_hal_exti.o
LOAD ./Drivers/STM32F4xx_HAL_Driver/Src/stm32f4xx_hal_flash.o
LOAD ./Drivers/STM32F4xx_HAL_Driver/Src/stm32f4xx_hal_flash_ex.o
LOAD ./Drivers/STM32F4xx_HAL_Driver/Src/stm32f4xx_hal_flash_ramfunc.o
LOAD ./Drivers/STM32F4xx_HAL_Driver/Src/stm32f4xx_hal_gpio.o
LOAD ./Drivers/STM32F4xx_HAL_Driver/Src/stm32f4xx_hal_pwr.o
LOAD ./Drivers/STM32F4xx_HAL_Driver/Src/stm32f4xx_hal_pwr_ex.o
LOAD ./Drivers/STM32F4xx_HAL_Driver/Src/stm32f4xx_hal_rcc.o
LOAD ./Drivers/STM32F4xx_HAL_Driver/Src/stm32f4xx_hal_rcc_ex.o
LOAD ./Drivers/STM32F4xx_HAL_Driver/Src/stm32f4xx_hal_tim.o
LOAD ./Drivers/STM32F4xx_HAL_Driver/Src/stm32f4xx_hal_tim_ex.o
LOAD ./Drivers/STM32F4xx_HAL_Driver/Src/stm32f4xx_hal_uart.o
START GROUP
LOAD c:/st/stm32cubeide_1.9.0/stm32cubeide/plugins/com.st.stm32cube.ide.mcu.externaltools.gnu-tools-for-stm32.10.3-2021.10.win32_1.0.0.202111181127/tools/bin/../lib/gcc/arm-none-eabi/10.3.1/../../../../arm-none-eabi/lib/thumb/v7e-m+fp/hard\libc_nano.a
LOAD c:/st/stm32cubeide_1.9.0/stm32cubeide/plugins/com.st.stm32cube.ide.mcu.externaltools.gnu-tools-for-stm32.10.3-2021.10.win32_1.0.0.202111181127/tools/bin/../lib/gcc/arm-none-eabi/10.3.1/../../../../arm-none-eabi/lib/thumb/v7e-m+fp/hard\libm.a
END GROUP
START GROUP
LOAD c:/st/stm32cubeide_1.9.0/stm32cubeide/plugins/com.st.stm32cube.ide.mcu.externaltools.gnu-tools-for-stm32.10.3-2021.10.win32_1.0.0.202111181127/tools/bin/../lib/gcc/arm-none-eabi/10.3.1/thumb/v7e-m+fp/hard\libgcc.a
LOAD c:/st/stm32cubeide_1.9.0/stm32cubeide/plugins/com.st.stm32cube.ide.mcu.externaltools.gnu-tools-for-stm32.10.3-2021.10.win32_1.0.0.202111181127/tools/bin/../lib/gcc/arm-none-eabi/10.3.1/../../../../arm-none-eabi/lib/thumb/v7e-m+fp/hard\libc_nano.a
END GROUP
START GROUP
LOAD c:/st/stm32cubeide_1.9.0/stm32cubeide/plugins/com.st.stm32cube.ide.mcu.externaltools.gnu-tools-for-stm32.10.3-2021.10.win32_1.0.0.202111181127/tools/bin/../lib/gcc/arm-none-eabi/10.3.1/thumb/v7e-m+fp/hard\libgcc.a
LOAD c:/st/stm32cubeide_1.9.0/stm32cubeide/plugins/com.st.stm32cube.ide.mcu.externaltools.gnu-tools-for-stm32.10.3-2021.10.win32_1.0.0.202111181127/tools/bin/../lib/gcc/arm-none-eabi/10.3.1/../../../../arm-none-eabi/lib/thumb/v7e-m+fp/hard\libc_nano.a
LOAD c:/st/stm32cubeide_1.9.0/stm32cubeide/plugins/com.st.stm32cube.ide.mcu.externaltools.gnu-tools-for-stm32.10.3-2021.10.win32_1.0.0.202111181127/tools/bin/../lib/gcc/arm-none-eabi/10.3.1/../../../../arm-none-eabi/lib/thumb/v7e-m+fp/hard\libnosys.a
END GROUP
START GROUP
LOAD c:/st/stm32cubeide_1.9.0/stm32cubeide/plugins/com.st.stm32cube.ide.mcu.externaltools.gnu-tools-for-stm32.10.3-2021.10.win32_1.0.0.202111181127/tools/bin/../lib/gcc/arm-none-eabi/10.3.1/thumb/v7e-m+fp/hard\libgcc.a
LOAD c:/st/stm32cubeide_1.9.0/stm32cubeide/plugins/com.st.stm32cube.ide.mcu.externaltools.gnu-tools-for-stm32.10.3-2021.10.win32_1.0.0.202111181127/tools/bin/../lib/gcc/arm-none-eabi/10.3.1/../../../../arm-none-eabi/lib/thumb/v7e-m+fp/hard\libc_nano.a
LOAD c:/st/stm32cubeide_1.9.0/stm32cubeide/plugins/com.st.stm32cube.ide.mcu.externaltools.gnu-tools-for-stm32.10.3-2021.10.win32_1.0.0.202111181127/tools/bin/../lib/gcc/arm-none-eabi/10.3.1/../../../../arm-none-eabi/lib/thumb/v7e-m+fp/hard\libnosys.a
END GROUP
LOAD c:/st/stm32cubeide_1.9.0/stm32cubeide/plugins/com.st.stm32cube.ide.mcu.externaltools.gnu-tools-for-stm32.10.3-2021.10.win32_1.0.0.202111181127/tools/bin/../lib/gcc/arm-none-eabi/10.3.1/thumb/v7e-m+fp/hard/crtend.o
LOAD c:/st/stm32cubeide_1.9.0/stm32cubeide/plugins/com.st.stm32cube.ide.mcu.externaltools.gnu-tools-for-stm32.10.3-2021.10.win32_1.0.0.202111181127/tools/bin/../lib/gcc/arm-none-eabi/10.3.1/thumb/v7e-m+fp/hard/crtn.o
                0x0000000020020000                _estack = (ORIGIN (RAM) + LENGTH (RAM))
                0x0000000000000200                _Min_Heap_Size = 0x200
                0x0000000000000400                _Min_Stack_Size = 0x400

.isr_vector     0x0000000008000000      0x188
                0x0000000008000000                . = ALIGN (0x4)
 *(.isr_vector)
 .isr_vector    0x0000000008000000      0x188 ./Core/Startup/startup_stm32f407vetx.o
                0x0000000008000000                g_pfnVectors
                0x0000000008000188                . = ALIGN (0x4)

.text           0x0000000008000188     0x2108
                0x0000000008000188                . = ALIGN (0x4)
 *(.text)
 .text          0x0000000008000188       0x40 c:/st/stm32cubeide_1.9.0/stm32cubeide/plugins/com.st.stm32cube.ide.mcu.externaltools.gnu-tools-for-stm32.10.3-2021.10.win32_1.0.0.202111181127/tools/bin/../lib/gcc/arm-none-eabi/10.3.1/thumb/v7e-m+fp/hard/crtbegin.o
 .text          0x00000000080001c8       0x30 c:/st/stm32cubeide_1.9.0/stm32cubeide/plugins/com.st.stm32cube.ide.mcu.externaltools.gnu-tools-for-stm32.10.3-2021.10.win32_1.0.0.202111181127/tools/bin/../lib/gcc/arm-none-eabi/10.3.1/thumb/v7e-m+fp/hard\libgcc.a(_aeabi_uldivmod.o)
                0x00000000080001c8                __aeabi_uldivmod
 .text          0x00000000080001f8      0x2d0 c:/st/stm32cubeide_1.9.0/stm32cubeide/plugins/com.st.stm32cube.ide.mcu.externaltools.gnu-tools-for-stm32.10.3-2021.10.win32_1.0.0.202111181127/tools/bin/../lib/gcc/arm-none-eabi/10.3.1/thumb/v7e-m+fp/hard\libgcc.a(_udivmoddi4.o)
                0x00000000080001f8                __udivmoddi4
 .text          0x00000000080004c8        0x4 c:/st/stm32cubeide_1.9.0/stm32cubeide/plugins/com.st.stm32cube.ide.mcu.externaltools.gnu-tools-for-stm32.10.3-2021.10.win32_1.0.0.202111181127/tools/bin/../lib/gcc/arm-none-eabi/10.3.1/thumb/v7e-m+fp/hard\libgcc.a(_dvmd_tls.o)
                0x00000000080004c8                __aeabi_idiv0
                0x00000000080004c8                __aeabi_ldiv0
 *(.text*)
 .text.main     0x00000000080004cc       0x50 ./Core/Src/main.o
                0x00000000080004cc                main
 .text.SystemClock_Config
                0x000000000800051c       0xbc ./Core/Src/main.o
                0x000000000800051c                SystemClock_Config
 .text.MX_USART3_UART_Init
                0x00000000080005d8       0x54 ./Core/Src/main.o
 .text.MX_GPIO_Init
                0x000000000800062c       0xf0 ./Core/Src/main.o
 .text.Error_Handler
                0x000000000800071c        0xa ./Core/Src/main.o
                0x000000000800071c                Error_Handler
 *fill*         0x0000000008000726        0x2 
 .text.OLED_WR_Byte
                0x0000000008000728       0x94 ./Core/Src/oled_SC2104.o
                0x0000000008000728                OLED_WR_Byte
 .text.OLED_Refresh_Gram
                0x00000000080007bc       0x70 ./Core/Src/oled_SC2104.o
                0x00000000080007bc                OLED_Refresh_Gram
 .text.OLED_Clear
                0x000000000800082c       0x4c ./Core/Src/oled_SC2104.o
                0x000000000800082c                OLED_Clear
 .text.OLED_DrawPoint
                0x0000000008000878       0xb4 ./Core/Src/oled_SC2104.o
                0x0000000008000878                OLED_DrawPoint
 .text.OLED_ShowChar
                0x000000000800092c       0xe4 ./Core/Src/oled_SC2104.o
                0x000000000800092c                OLED_ShowChar
 .text.OLED_ShowString
                0x0000000008000a10       0x64 ./Core/Src/oled_SC2104.o
                0x0000000008000a10                OLED_ShowString
 .text.OLED_Init
                0x0000000008000a74      0x118 ./Core/Src/oled_SC2104.o
                0x0000000008000a74                OLED_Init
 .text.HAL_MspInit
                0x0000000008000b8c       0x50 ./Core/Src/stm32f4xx_hal_msp.o
                0x0000000008000b8c                HAL_MspInit
 .text.HAL_UART_MspInit
                0x0000000008000bdc       0x90 ./Core/Src/stm32f4xx_hal_msp.o
                0x0000000008000bdc                HAL_UART_MspInit
 .text.NMI_Handler
                0x0000000008000c6c        0x6 ./Core/Src/stm32f4xx_it.o
                0x0000000008000c6c                NMI_Handler
 .text.HardFault_Handler
                0x0000000008000c72        0x6 ./Core/Src/stm32f4xx_it.o
                0x0000000008000c72                HardFault_Handler
 .text.MemManage_Handler
                0x0000000008000c78        0x6 ./Core/Src/stm32f4xx_it.o
                0x0000000008000c78                MemManage_Handler
 .text.BusFault_Handler
                0x0000000008000c7e        0x6 ./Core/Src/stm32f4xx_it.o
                0x0000000008000c7e                BusFault_Handler
 .text.UsageFault_Handler
                0x0000000008000c84        0x6 ./Core/Src/stm32f4xx_it.o
                0x0000000008000c84                UsageFault_Handler
 .text.SVC_Handler
                0x0000000008000c8a        0xe ./Core/Src/stm32f4xx_it.o
                0x0000000008000c8a                SVC_Handler
 .text.DebugMon_Handler
                0x0000000008000c98        0xe ./Core/Src/stm32f4xx_it.o
                0x0000000008000c98                DebugMon_Handler
 .text.PendSV_Handler
                0x0000000008000ca6        0xe ./Core/Src/stm32f4xx_it.o
                0x0000000008000ca6                PendSV_Handler
 .text.SysTick_Handler
                0x0000000008000cb4        0xc ./Core/Src/stm32f4xx_it.o
                0x0000000008000cb4                SysTick_Handler
 .text.SystemInit
                0x0000000008000cc0       0x24 ./Core/Src/system_stm32f4xx.o
                0x0000000008000cc0                SystemInit
 .text.Reset_Handler
                0x0000000008000ce4       0x50 ./Core/Startup/startup_stm32f407vetx.o
                0x0000000008000ce4                Reset_Handler
 .text.Default_Handler
                0x0000000008000d34        0x2 ./Core/Startup/startup_stm32f407vetx.o
                0x0000000008000d34                RTC_Alarm_IRQHandler
                0x0000000008000d34                HASH_RNG_IRQHandler
                0x0000000008000d34                EXTI2_IRQHandler
                0x0000000008000d34                TIM8_CC_IRQHandler
                0x0000000008000d34                TIM1_CC_IRQHandler
                0x0000000008000d34                DMA2_Stream5_IRQHandler
                0x0000000008000d34                DMA1_Stream5_IRQHandler
                0x0000000008000d34                PVD_IRQHandler
                0x0000000008000d34                SDIO_IRQHandler
                0x0000000008000d34                TAMP_STAMP_IRQHandler
                0x0000000008000d34                CAN2_RX1_IRQHandler
                0x0000000008000d34                EXTI3_IRQHandler
                0x0000000008000d34                TIM8_TRG_COM_TIM14_IRQHandler
                0x0000000008000d34                TIM1_UP_TIM10_IRQHandler
                0x0000000008000d34                TIM8_UP_TIM13_IRQHandler
                0x0000000008000d34                I2C3_ER_IRQHandler
                0x0000000008000d34                EXTI0_IRQHandler
                0x0000000008000d34                I2C2_EV_IRQHandler
                0x0000000008000d34                DMA1_Stream2_IRQHandler
                0x0000000008000d34                CAN1_RX0_IRQHandler
                0x0000000008000d34                FPU_IRQHandler
                0x0000000008000d34                OTG_HS_WKUP_IRQHandler
                0x0000000008000d34                CAN2_SCE_IRQHandler
                0x0000000008000d34                DMA2_Stream2_IRQHandler
                0x0000000008000d34                SPI1_IRQHandler
                0x0000000008000d34                TIM6_DAC_IRQHandler
                0x0000000008000d34                TIM1_BRK_TIM9_IRQHandler
                0x0000000008000d34                DCMI_IRQHandler
                0x0000000008000d34                CAN2_RX0_IRQHandler
                0x0000000008000d34                DMA2_Stream3_IRQHandler
                0x0000000008000d34                USART6_IRQHandler
                0x0000000008000d34                USART3_IRQHandler
                0x0000000008000d34                CAN1_RX1_IRQHandler
                0x0000000008000d34                UART5_IRQHandler
                0x0000000008000d34                DMA2_Stream0_IRQHandler
                0x0000000008000d34                TIM4_IRQHandler
                0x0000000008000d34                I2C1_EV_IRQHandler
                0x0000000008000d34                DMA1_Stream6_IRQHandler
                0x0000000008000d34                DMA1_Stream1_IRQHandler
                0x0000000008000d34                UART4_IRQHandler
                0x0000000008000d34                TIM3_IRQHandler
                0x0000000008000d34                RCC_IRQHandler
                0x0000000008000d34                TIM8_BRK_TIM12_IRQHandler
                0x0000000008000d34                Default_Handler
                0x0000000008000d34                EXTI15_10_IRQHandler
                0x0000000008000d34                ADC_IRQHandler
                0x0000000008000d34                DMA1_Stream7_IRQHandler
                0x0000000008000d34                TIM7_IRQHandler
                0x0000000008000d34                CAN2_TX_IRQHandler
                0x0000000008000d34                TIM5_IRQHandler
                0x0000000008000d34                DMA2_Stream7_IRQHandler
                0x0000000008000d34                I2C3_EV_IRQHandler
                0x0000000008000d34                EXTI9_5_IRQHandler
                0x0000000008000d34                RTC_WKUP_IRQHandler
                0x0000000008000d34                ETH_WKUP_IRQHandler
                0x0000000008000d34                SPI2_IRQHandler
                0x0000000008000d34                OTG_HS_EP1_IN_IRQHandler
                0x0000000008000d34                DMA1_Stream0_IRQHandler
                0x0000000008000d34                CAN1_TX_IRQHandler
                0x0000000008000d34                EXTI4_IRQHandler
                0x0000000008000d34                FSMC_IRQHandler
                0x0000000008000d34                ETH_IRQHandler
                0x0000000008000d34                OTG_HS_EP1_OUT_IRQHandler
                0x0000000008000d34                WWDG_IRQHandler
                0x0000000008000d34                TIM2_IRQHandler
                0x0000000008000d34                OTG_FS_WKUP_IRQHandler
                0x0000000008000d34                TIM1_TRG_COM_TIM11_IRQHandler
                0x0000000008000d34                OTG_HS_IRQHandler
                0x0000000008000d34                EXTI1_IRQHandler
                0x0000000008000d34                USART2_IRQHandler
                0x0000000008000d34                I2C2_ER_IRQHandler
                0x0000000008000d34                DMA2_Stream1_IRQHandler
                0x0000000008000d34                CAN1_SCE_IRQHandler
                0x0000000008000d34                FLASH_IRQHandler
                0x0000000008000d34                DMA2_Stream4_IRQHandler
                0x0000000008000d34                USART1_IRQHandler
                0x0000000008000d34                OTG_FS_IRQHandler
                0x0000000008000d34                SPI3_IRQHandler
                0x0000000008000d34                DMA1_Stream4_IRQHandler
                0x0000000008000d34                I2C1_ER_IRQHandler
                0x0000000008000d34                DMA2_Stream6_IRQHandler
                0x0000000008000d34                DMA1_Stream3_IRQHandler
 *fill*         0x0000000008000d36        0x2 
 .text.HAL_Init
                0x0000000008000d38       0x44 ./Drivers/STM32F4xx_HAL_Driver/Src/stm32f4xx_hal.o
                0x0000000008000d38                HAL_Init
 .text.HAL_InitTick
                0x0000000008000d7c       0x60 ./Drivers/STM32F4xx_HAL_Driver/Src/stm32f4xx_hal.o
                0x0000000008000d7c                HAL_InitTick
 .text.HAL_IncTick
                0x0000000008000ddc       0x28 ./Drivers/STM32F4xx_HAL_Driver/Src/stm32f4xx_hal.o
                0x0000000008000ddc                HAL_IncTick
 .text.HAL_GetTick
                0x0000000008000e04       0x18 ./Drivers/STM32F4xx_HAL_Driver/Src/stm32f4xx_hal.o
                0x0000000008000e04                HAL_GetTick
 .text.HAL_Delay
                0x0000000008000e1c       0x48 ./Drivers/STM32F4xx_HAL_Driver/Src/stm32f4xx_hal.o
                0x0000000008000e1c                HAL_Delay
 .text.__NVIC_SetPriorityGrouping
                0x0000000008000e64       0x48 ./Drivers/STM32F4xx_HAL_Driver/Src/stm32f4xx_hal_cortex.o
 .text.__NVIC_GetPriorityGrouping
                0x0000000008000eac       0x1c ./Drivers/STM32F4xx_HAL_Driver/Src/stm32f4xx_hal_cortex.o
 .text.__NVIC_SetPriority
                0x0000000008000ec8       0x54 ./Drivers/STM32F4xx_HAL_Driver/Src/stm32f4xx_hal_cortex.o
 .text.NVIC_EncodePriority
                0x0000000008000f1c       0x66 ./Drivers/STM32F4xx_HAL_Driver/Src/stm32f4xx_hal_cortex.o
 *fill*         0x0000000008000f82        0x2 
 .text.SysTick_Config
                0x0000000008000f84       0x44 ./Drivers/STM32F4xx_HAL_Driver/Src/stm32f4xx_hal_cortex.o
 .text.HAL_NVIC_SetPriorityGrouping
                0x0000000008000fc8       0x16 ./Drivers/STM32F4xx_HAL_Driver/Src/stm32f4xx_hal_cortex.o
                0x0000000008000fc8                HAL_NVIC_SetPriorityGrouping
 .text.HAL_NVIC_SetPriority
                0x0000000008000fde       0x38 ./Drivers/STM32F4xx_HAL_Driver/Src/stm32f4xx_hal_cortex.o
                0x0000000008000fde                HAL_NVIC_SetPriority
 .text.HAL_SYSTICK_Config
                0x0000000008001016       0x18 ./Drivers/STM32F4xx_HAL_Driver/Src/stm32f4xx_hal_cortex.o
                0x0000000008001016                HAL_SYSTICK_Config
 *fill*         0x000000000800102e        0x2 
 .text.HAL_GPIO_Init
                0x0000000008001030      0x338 ./Drivers/STM32F4xx_HAL_Driver/Src/stm32f4xx_hal_gpio.o
                0x0000000008001030                HAL_GPIO_Init
 .text.HAL_GPIO_WritePin
                0x0000000008001368       0x32 ./Drivers/STM32F4xx_HAL_Driver/Src/stm32f4xx_hal_gpio.o
                0x0000000008001368                HAL_GPIO_WritePin
 *fill*         0x000000000800139a        0x2 
 .text.HAL_PWR_EnableBkUpAccess
                0x000000000800139c       0x28 ./Drivers/STM32F4xx_HAL_Driver/Src/stm32f4xx_hal_pwr.o
                0x000000000800139c                HAL_PWR_EnableBkUpAccess
 .text.HAL_PWR_DisableBkUpAccess
                0x00000000080013c4       0x28 ./Drivers/STM32F4xx_HAL_Driver/Src/stm32f4xx_hal_pwr.o
                0x00000000080013c4                HAL_PWR_DisableBkUpAccess
 .text.HAL_RCC_OscConfig
                0x00000000080013ec      0x4f0 ./Drivers/STM32F4xx_HAL_Driver/Src/stm32f4xx_hal_rcc.o
                0x00000000080013ec                HAL_RCC_OscConfig
 .text.HAL_RCC_ClockConfig
                0x00000000080018dc      0x1cc ./Drivers/STM32F4xx_HAL_Driver/Src/stm32f4xx_hal_rcc.o
                0x00000000080018dc                HAL_RCC_ClockConfig
 .text.HAL_RCC_GetSysClockFreq
                0x0000000008001aa8      0x18c ./Drivers/STM32F4xx_HAL_Driver/Src/stm32f4xx_hal_rcc.o
                0x0000000008001aa8                HAL_RCC_GetSysClockFreq
 .text.HAL_RCC_GetHCLKFreq
                0x0000000008001c34       0x18 ./Drivers/STM32F4xx_HAL_Driver/Src/stm32f4xx_hal_rcc.o
                0x0000000008001c34                HAL_RCC_GetHCLKFreq
 .text.HAL_RCC_GetPCLK1Freq
                0x0000000008001c4c       0x28 ./Drivers/STM32F4xx_HAL_Driver/Src/stm32f4xx_hal_rcc.o
                0x0000000008001c4c                HAL_RCC_GetPCLK1Freq
 .text.HAL_RCC_GetPCLK2Freq
                0x0000000008001c74       0x28 ./Drivers/STM32F4xx_HAL_Driver/Src/stm32f4xx_hal_rcc.o
                0x0000000008001c74                HAL_RCC_GetPCLK2Freq
 .text.HAL_UART_Init
                0x0000000008001c9c       0x9a ./Drivers/STM32F4xx_HAL_Driver/Src/stm32f4xx_hal_uart.o
                0x0000000008001c9c                HAL_UART_Init
 *fill*         0x0000000008001d36        0x2 
 .text.UART_SetConfig
                0x0000000008001d38      0x4e8 ./Drivers/STM32F4xx_HAL_Driver/Src/stm32f4xx_hal_uart.o
 .text.__libc_init_array
                0x0000000008002220       0x48 c:/st/stm32cubeide_1.9.0/stm32cubeide/plugins/com.st.stm32cube.ide.mcu.externaltools.gnu-tools-for-stm32.10.3-2021.10.win32_1.0.0.202111181127/tools/bin/../lib/gcc/arm-none-eabi/10.3.1/../../../../arm-none-eabi/lib/thumb/v7e-m+fp/hard\libc_nano.a(lib_a-init.o)
                0x0000000008002220                __libc_init_array
 .text.memset   0x0000000008002268       0x10 c:/st/stm32cubeide_1.9.0/stm32cubeide/plugins/com.st.stm32cube.ide.mcu.externaltools.gnu-tools-for-stm32.10.3-2021.10.win32_1.0.0.202111181127/tools/bin/../lib/gcc/arm-none-eabi/10.3.1/../../../../arm-none-eabi/lib/thumb/v7e-m+fp/hard\libc_nano.a(lib_a-memset.o)
                0x0000000008002268                memset
 *(.glue_7)
 .glue_7        0x0000000008002278        0x0 linker stubs
 *(.glue_7t)
 .glue_7t       0x0000000008002278        0x0 linker stubs
 *(.eh_frame)
 .eh_frame      0x0000000008002278        0x0 c:/st/stm32cubeide_1.9.0/stm32cubeide/plugins/com.st.stm32cube.ide.mcu.externaltools.gnu-tools-for-stm32.10.3-2021.10.win32_1.0.0.202111181127/tools/bin/../lib/gcc/arm-none-eabi/10.3.1/thumb/v7e-m+fp/hard/crtbegin.o
 *(.init)
 .init          0x0000000008002278        0x4 c:/st/stm32cubeide_1.9.0/stm32cubeide/plugins/com.st.stm32cube.ide.mcu.externaltools.gnu-tools-for-stm32.10.3-2021.10.win32_1.0.0.202111181127/tools/bin/../lib/gcc/arm-none-eabi/10.3.1/thumb/v7e-m+fp/hard/crti.o
                0x0000000008002278                _init
 .init          0x000000000800227c        0x8 c:/st/stm32cubeide_1.9.0/stm32cubeide/plugins/com.st.stm32cube.ide.mcu.externaltools.gnu-tools-for-stm32.10.3-2021.10.win32_1.0.0.202111181127/tools/bin/../lib/gcc/arm-none-eabi/10.3.1/thumb/v7e-m+fp/hard/crtn.o
 *(.fini)
 .fini          0x0000000008002284        0x4 c:/st/stm32cubeide_1.9.0/stm32cubeide/plugins/com.st.stm32cube.ide.mcu.externaltools.gnu-tools-for-stm32.10.3-2021.10.win32_1.0.0.202111181127/tools/bin/../lib/gcc/arm-none-eabi/10.3.1/thumb/v7e-m+fp/hard/crti.o
                0x0000000008002284                _fini
 .fini          0x0000000008002288        0x8 c:/st/stm32cubeide_1.9.0/stm32cubeide/plugins/com.st.stm32cube.ide.mcu.externaltools.gnu-tools-for-stm32.10.3-2021.10.win32_1.0.0.202111181127/tools/bin/../lib/gcc/arm-none-eabi/10.3.1/thumb/v7e-m+fp/hard/crtn.o
                0x0000000008002290                . = ALIGN (0x4)
                0x0000000008002290                _etext = .

.vfp11_veneer   0x0000000008002290        0x0
 .vfp11_veneer  0x0000000008002290        0x0 linker stubs

.v4_bx          0x0000000008002290        0x0
 .v4_bx         0x0000000008002290        0x0 linker stubs

.iplt           0x0000000008002290        0x0
 .iplt          0x0000000008002290        0x0 c:/st/stm32cubeide_1.9.0/stm32cubeide/plugins/com.st.stm32cube.ide.mcu.externaltools.gnu-tools-for-stm32.10.3-2021.10.win32_1.0.0.202111181127/tools/bin/../lib/gcc/arm-none-eabi/10.3.1/thumb/v7e-m+fp/hard/crtbegin.o

.rodata         0x0000000008002290      0xa94
                0x0000000008002290                . = ALIGN (0x4)
 *(.rodata)
 .rodata        0x0000000008002290       0x18 ./Core/Src/main.o
 *(.rodata*)
 .rodata.oled_asc2_1206
                0x00000000080022a8      0x474 ./Core/Src/oled_SC2104.o
                0x00000000080022a8                oled_asc2_1206
 .rodata.oled_asc2_1608
                0x000000000800271c      0x5f0 ./Core/Src/oled_SC2104.o
                0x000000000800271c                oled_asc2_1608
 .rodata.AHBPrescTable
                0x0000000008002d0c       0x10 ./Core/Src/system_stm32f4xx.o
                0x0000000008002d0c                AHBPrescTable
 .rodata.APBPrescTable
                0x0000000008002d1c        0x8 ./Core/Src/system_stm32f4xx.o
                0x0000000008002d1c                APBPrescTable
                0x0000000008002d24                . = ALIGN (0x4)

.ARM.extab      0x0000000008002d24        0x0
                0x0000000008002d24                . = ALIGN (0x4)
 *(.ARM.extab* .gnu.linkonce.armextab.*)
                0x0000000008002d24                . = ALIGN (0x4)

.ARM            0x0000000008002d24        0x8
                0x0000000008002d24                . = ALIGN (0x4)
                0x0000000008002d24                __exidx_start = .
 *(.ARM.exidx*)
 .ARM.exidx     0x0000000008002d24        0x8 c:/st/stm32cubeide_1.9.0/stm32cubeide/plugins/com.st.stm32cube.ide.mcu.externaltools.gnu-tools-for-stm32.10.3-2021.10.win32_1.0.0.202111181127/tools/bin/../lib/gcc/arm-none-eabi/10.3.1/thumb/v7e-m+fp/hard\libgcc.a(_udivmoddi4.o)
                0x0000000008002d2c                __exidx_end = .
                0x0000000008002d2c                . = ALIGN (0x4)

.rel.dyn        0x0000000008002d2c        0x0
 .rel.iplt      0x0000000008002d2c        0x0 c:/st/stm32cubeide_1.9.0/stm32cubeide/plugins/com.st.stm32cube.ide.mcu.externaltools.gnu-tools-for-stm32.10.3-2021.10.win32_1.0.0.202111181127/tools/bin/../lib/gcc/arm-none-eabi/10.3.1/thumb/v7e-m+fp/hard/crtbegin.o

.preinit_array  0x0000000008002d2c        0x0
                0x0000000008002d2c                . = ALIGN (0x4)
                0x0000000008002d2c                PROVIDE (__preinit_array_start = .)
 *(.preinit_array*)
                0x0000000008002d2c                PROVIDE (__preinit_array_end = .)
                0x0000000008002d2c                . = ALIGN (0x4)

.init_array     0x0000000008002d2c        0x4
                0x0000000008002d2c                . = ALIGN (0x4)
                0x0000000008002d2c                PROVIDE (__init_array_start = .)
 *(SORT_BY_NAME(.init_array.*))
 *(.init_array*)
 .init_array    0x0000000008002d2c        0x4 c:/st/stm32cubeide_1.9.0/stm32cubeide/plugins/com.st.stm32cube.ide.mcu.externaltools.gnu-tools-for-stm32.10.3-2021.10.win32_1.0.0.202111181127/tools/bin/../lib/gcc/arm-none-eabi/10.3.1/thumb/v7e-m+fp/hard/crtbegin.o
                0x0000000008002d30                PROVIDE (__init_array_end = .)
                0x0000000008002d30                . = ALIGN (0x4)

.fini_array     0x0000000008002d30        0x4
                0x0000000008002d30                . = ALIGN (0x4)
                [!provide]                        PROVIDE (__fini_array_start = .)
 *(SORT_BY_NAME(.fini_array.*))
 *(.fini_array*)
 .fini_array    0x0000000008002d30        0x4 c:/st/stm32cubeide_1.9.0/stm32cubeide/plugins/com.st.stm32cube.ide.mcu.externaltools.gnu-tools-for-stm32.10.3-2021.10.win32_1.0.0.202111181127/tools/bin/../lib/gcc/arm-none-eabi/10.3.1/thumb/v7e-m+fp/hard/crtbegin.o
                [!provide]                        PROVIDE (__fini_array_end = .)
                0x0000000008002d34                . = ALIGN (0x4)
                0x0000000008002d34                _sidata = LOADADDR (.data)

.data           0x0000000020000000        0xc load address 0x0000000008002d34
                0x0000000020000000                . = ALIGN (0x4)
                0x0000000020000000                _sdata = .
 *(.data)
 *(.data*)
 .data.SystemCoreClock
                0x0000000020000000        0x4 ./Core/Src/system_stm32f4xx.o
                0x0000000020000000                SystemCoreClock
 .data.uwTickPrio
                0x0000000020000004        0x4 ./Drivers/STM32F4xx_HAL_Driver/Src/stm32f4xx_hal.o
                0x0000000020000004                uwTickPrio
 .data.uwTickFreq
                0x0000000020000008        0x1 ./Drivers/STM32F4xx_HAL_Driver/Src/stm32f4xx_hal.o
                0x0000000020000008                uwTickFreq
 *(.RamFunc)
 *(.RamFunc*)
                0x000000002000000c                . = ALIGN (0x4)
 *fill*         0x0000000020000009        0x3 
                0x000000002000000c                _edata = .
                0x0000000008002d40                _siccmram = LOADADDR (.ccmram)

.igot.plt       0x000000002000000c        0x0 load address 0x0000000008002d40
 .igot.plt      0x000000002000000c        0x0 c:/st/stm32cubeide_1.9.0/stm32cubeide/plugins/com.st.stm32cube.ide.mcu.externaltools.gnu-tools-for-stm32.10.3-2021.10.win32_1.0.0.202111181127/tools/bin/../lib/gcc/arm-none-eabi/10.3.1/thumb/v7e-m+fp/hard/crtbegin.o

.ccmram         0x0000000010000000        0x0 load address 0x0000000008002d40
                0x0000000010000000                . = ALIGN (0x4)
                0x0000000010000000                _sccmram = .
 *(.ccmram)
 *(.ccmram*)
                0x0000000010000000                . = ALIGN (0x4)
                0x0000000010000000                _eccmram = .
                0x0000000010000000                . = ALIGN (0x4)

.bss            0x000000002000000c      0x464
                0x000000002000000c                _sbss = .
                0x000000002000000c                __bss_start__ = _sbss
 *(.bss)
 .bss           0x000000002000000c       0x1c c:/st/stm32cubeide_1.9.0/stm32cubeide/plugins/com.st.stm32cube.ide.mcu.externaltools.gnu-tools-for-stm32.10.3-2021.10.win32_1.0.0.202111181127/tools/bin/../lib/gcc/arm-none-eabi/10.3.1/thumb/v7e-m+fp/hard/crtbegin.o
 *(.bss*)
 .bss.huart3    0x0000000020000028       0x44 ./Core/Src/main.o
                0x0000000020000028                huart3
 .bss.OLED_GRAM
                0x000000002000006c      0x400 ./Core/Src/oled_SC2104.o
                0x000000002000006c                OLED_GRAM
 .bss.uwTick    0x000000002000046c        0x4 ./Drivers/STM32F4xx_HAL_Driver/Src/stm32f4xx_hal.o
                0x000000002000046c                uwTick
 *(COMMON)
                0x0000000020000470                . = ALIGN (0x4)
                0x0000000020000470                _ebss = .
                0x0000000020000470                __bss_end__ = _ebss

._user_heap_stack
                0x0000000020000470      0x600
                0x0000000020000470                . = ALIGN (0x8)
                [!provide]                        PROVIDE (end = .)
                0x0000000020000470                PROVIDE (_end = .)
                0x0000000020000670                . = (. + _Min_Heap_Size)
 *fill*         0x0000000020000470      0x200 
                0x0000000020000a70                . = (. + _Min_Stack_Size)
 *fill*         0x0000000020000670      0x400 
                0x0000000020000a70                . = ALIGN (0x8)

/DISCARD/
 libc.a(*)
 libm.a(*)
 libgcc.a(*)

.ARM.attributes
                0x0000000000000000       0x30
 *(.ARM.attributes)
 .ARM.attributes
                0x0000000000000000       0x1e c:/st/stm32cubeide_1.9.0/stm32cubeide/plugins/com.st.stm32cube.ide.mcu.externaltools.gnu-tools-for-stm32.10.3-2021.10.win32_1.0.0.202111181127/tools/bin/../lib/gcc/arm-none-eabi/10.3.1/thumb/v7e-m+fp/hard/crti.o
 .ARM.attributes
                0x000000000000001e       0x34 c:/st/stm32cubeide_1.9.0/stm32cubeide/plugins/com.st.stm32cube.ide.mcu.externaltools.gnu-tools-for-stm32.10.3-2021.10.win32_1.0.0.202111181127/tools/bin/../lib/gcc/arm-none-eabi/10.3.1/thumb/v7e-m+fp/hard/crtbegin.o
 .ARM.attributes
                0x0000000000000052       0x34 ./Core/Src/main.o
 .ARM.attributes
                0x0000000000000086       0x34 ./Core/Src/oled_SC2104.o
 .ARM.attributes
                0x00000000000000ba       0x34 ./Core/Src/stm32f4xx_hal_msp.o
 .ARM.attributes
                0x00000000000000ee       0x34 ./Core/Src/stm32f4xx_it.o
 .ARM.attributes
                0x0000000000000122       0x34 ./Core/Src/system_stm32f4xx.o
 .ARM.attributes
                0x0000000000000156       0x21 ./Core/Startup/startup_stm32f407vetx.o
 .ARM.attributes
                0x0000000000000177       0x34 ./Drivers/STM32F4xx_HAL_Driver/Src/stm32f4xx_hal.o
 .ARM.attributes
                0x00000000000001ab       0x34 ./Drivers/STM32F4xx_HAL_Driver/Src/stm32f4xx_hal_cortex.o
 .ARM.attributes
                0x00000000000001df       0x34 ./Drivers/STM32F4xx_HAL_Driver/Src/stm32f4xx_hal_gpio.o
 .ARM.attributes
                0x0000000000000213       0x34 ./Drivers/STM32F4xx_HAL_Driver/Src/stm32f4xx_hal_pwr.o
 .ARM.attributes
                0x0000000000000247       0x34 ./Drivers/STM32F4xx_HAL_Driver/Src/stm32f4xx_hal_rcc.o
 .ARM.attributes
                0x000000000000027b       0x34 ./Drivers/STM32F4xx_HAL_Driver/Src/stm32f4xx_hal_uart.o
 .ARM.attributes
                0x00000000000002af       0x34 c:/st/stm32cubeide_1.9.0/stm32cubeide/plugins/com.st.stm32cube.ide.mcu.externaltools.gnu-tools-for-stm32.10.3-2021.10.win32_1.0.0.202111181127/tools/bin/../lib/gcc/arm-none-eabi/10.3.1/../../../../arm-none-eabi/lib/thumb/v7e-m+fp/hard\libc_nano.a(lib_a-init.o)
 .ARM.attributes
                0x00000000000002e3       0x34 c:/st/stm32cubeide_1.9.0/stm32cubeide/plugins/com.st.stm32cube.ide.mcu.externaltools.gnu-tools-for-stm32.10.3-2021.10.win32_1.0.0.202111181127/tools/bin/../lib/gcc/arm-none-eabi/10.3.1/../../../../arm-none-eabi/lib/thumb/v7e-m+fp/hard\libc_nano.a(lib_a-memset.o)
 .ARM.attributes
                0x0000000000000317       0x1e c:/st/stm32cubeide_1.9.0/stm32cubeide/plugins/com.st.stm32cube.ide.mcu.externaltools.gnu-tools-for-stm32.10.3-2021.10.win32_1.0.0.202111181127/tools/bin/../lib/gcc/arm-none-eabi/10.3.1/thumb/v7e-m+fp/hard\libgcc.a(_aeabi_uldivmod.o)
 .ARM.attributes
                0x0000000000000335       0x34 c:/st/stm32cubeide_1.9.0/stm32cubeide/plugins/com.st.stm32cube.ide.mcu.externaltools.gnu-tools-for-stm32.10.3-2021.10.win32_1.0.0.202111181127/tools/bin/../lib/gcc/arm-none-eabi/10.3.1/thumb/v7e-m+fp/hard\libgcc.a(_udivmoddi4.o)
 .ARM.attributes
                0x0000000000000369       0x1e c:/st/stm32cubeide_1.9.0/stm32cubeide/plugins/com.st.stm32cube.ide.mcu.externaltools.gnu-tools-for-stm32.10.3-2021.10.win32_1.0.0.202111181127/tools/bin/../lib/gcc/arm-none-eabi/10.3.1/thumb/v7e-m+fp/hard\libgcc.a(_dvmd_tls.o)
 .ARM.attributes
                0x0000000000000387       0x1e c:/st/stm32cubeide_1.9.0/stm32cubeide/plugins/com.st.stm32cube.ide.mcu.externaltools.gnu-tools-for-stm32.10.3-2021.10.win32_1.0.0.202111181127/tools/bin/../lib/gcc/arm-none-eabi/10.3.1/thumb/v7e-m+fp/hard/crtn.o
OUTPUT(SC2104.elf elf32-littlearm)
LOAD linker stubs
LOAD c:/st/stm32cubeide_1.9.0/stm32cubeide/plugins/com.st.stm32cube.ide.mcu.externaltools.gnu-tools-for-stm32.10.3-2021.10.win32_1.0.0.202111181127/tools/bin/../lib/gcc/arm-none-eabi/10.3.1/../../../../arm-none-eabi/lib/thumb/v7e-m+fp/hard\libc.a
LOAD c:/st/stm32cubeide_1.9.0/stm32cubeide/plugins/com.st.stm32cube.ide.mcu.externaltools.gnu-tools-for-stm32.10.3-2021.10.win32_1.0.0.202111181127/tools/bin/../lib/gcc/arm-none-eabi/10.3.1/../../../../arm-none-eabi/lib/thumb/v7e-m+fp/hard\libm.a
LOAD c:/st/stm32cubeide_1.9.0/stm32cubeide/plugins/com.st.stm32cube.ide.mcu.externaltools.gnu-tools-for-stm32.10.3-2021.10.win32_1.0.0.202111181127/tools/bin/../lib/gcc/arm-none-eabi/10.3.1/thumb/v7e-m+fp/hard\libgcc.a

.debug_info     0x0000000000000000     0x84bb
 .debug_info    0x0000000000000000      0xc79 ./Core/Src/main.o
 .debug_info    0x0000000000000c79      0x721 ./Core/Src/oled_SC2104.o
 .debug_info    0x000000000000139a      0x96b ./Core/Src/stm32f4xx_hal_msp.o
 .debug_info    0x0000000000001d05      0x121 ./Core/Src/stm32f4xx_it.o
 .debug_info    0x0000000000001e26      0x523 ./Core/Src/system_stm32f4xx.o
 .debug_info    0x0000000000002349       0x22 ./Core/Startup/startup_stm32f407vetx.o
 .debug_info    0x000000000000236b      0x97c ./Drivers/STM32F4xx_HAL_Driver/Src/stm32f4xx_hal.o
 .debug_info    0x0000000000002ce7      0xe1b ./Drivers/STM32F4xx_HAL_Driver/Src/stm32f4xx_hal_cortex.o
 .debug_info    0x0000000000003b02      0x76a ./Drivers/STM32F4xx_HAL_Driver/Src/stm32f4xx_hal_gpio.o
 .debug_info    0x000000000000426c      0x72d ./Drivers/STM32F4xx_HAL_Driver/Src/stm32f4xx_hal_pwr.o
 .debug_info    0x0000000000004999      0x966 ./Drivers/STM32F4xx_HAL_Driver/Src/stm32f4xx_hal_rcc.o
 .debug_info    0x00000000000052ff     0x31bc ./Drivers/STM32F4xx_HAL_Driver/Src/stm32f4xx_hal_uart.o

.debug_abbrev   0x0000000000000000     0x156f
 .debug_abbrev  0x0000000000000000      0x250 ./Core/Src/main.o
 .debug_abbrev  0x0000000000000250      0x1d1 ./Core/Src/oled_SC2104.o
 .debug_abbrev  0x0000000000000421      0x19b ./Core/Src/stm32f4xx_hal_msp.o
 .debug_abbrev  0x00000000000005bc       0x74 ./Core/Src/stm32f4xx_it.o
 .debug_abbrev  0x0000000000000630      0x116 ./Core/Src/system_stm32f4xx.o
 .debug_abbrev  0x0000000000000746       0x12 ./Core/Startup/startup_stm32f407vetx.o
 .debug_abbrev  0x0000000000000758      0x20d ./Drivers/STM32F4xx_HAL_Driver/Src/stm32f4xx_hal.o
 .debug_abbrev  0x0000000000000965      0x316 ./Drivers/STM32F4xx_HAL_Driver/Src/stm32f4xx_hal_cortex.o
 .debug_abbrev  0x0000000000000c7b      0x1c4 ./Drivers/STM32F4xx_HAL_Driver/Src/stm32f4xx_hal_gpio.o
 .debug_abbrev  0x0000000000000e3f      0x192 ./Drivers/STM32F4xx_HAL_Driver/Src/stm32f4xx_hal_pwr.o
 .debug_abbrev  0x0000000000000fd1      0x2aa ./Drivers/STM32F4xx_HAL_Driver/Src/stm32f4xx_hal_rcc.o
 .debug_abbrev  0x000000000000127b      0x2f4 ./Drivers/STM32F4xx_HAL_Driver/Src/stm32f4xx_hal_uart.o

.debug_aranges  0x0000000000000000      0x718
 .debug_aranges
                0x0000000000000000       0x40 ./Core/Src/main.o
 .debug_aranges
                0x0000000000000040       0x70 ./Core/Src/oled_SC2104.o
 .debug_aranges
                0x00000000000000b0       0x30 ./Core/Src/stm32f4xx_hal_msp.o
 .debug_aranges
                0x00000000000000e0       0x60 ./Core/Src/stm32f4xx_it.o
 .debug_aranges
                0x0000000000000140       0x28 ./Core/Src/system_stm32f4xx.o
 .debug_aranges
                0x0000000000000168       0x28 ./Core/Startup/startup_stm32f407vetx.o
 .debug_aranges
                0x0000000000000190       0xf0 ./Drivers/STM32F4xx_HAL_Driver/Src/stm32f4xx_hal.o
 .debug_aranges
                0x0000000000000280      0x118 ./Drivers/STM32F4xx_HAL_Driver/Src/stm32f4xx_hal_cortex.o
 .debug_aranges
                0x0000000000000398       0x58 ./Drivers/STM32F4xx_HAL_Driver/Src/stm32f4xx_hal_gpio.o
 .debug_aranges
                0x00000000000003f0       0xa0 ./Drivers/STM32F4xx_HAL_Driver/Src/stm32f4xx_hal_pwr.o
 .debug_aranges
                0x0000000000000490       0x88 ./Drivers/STM32F4xx_HAL_Driver/Src/stm32f4xx_hal_rcc.o
 .debug_aranges
                0x0000000000000518      0x200 ./Drivers/STM32F4xx_HAL_Driver/Src/stm32f4xx_hal_uart.o

.debug_ranges   0x0000000000000000      0x690
 .debug_ranges  0x0000000000000000       0x30 ./Core/Src/main.o
 .debug_ranges  0x0000000000000030       0x60 ./Core/Src/oled_SC2104.o
 .debug_ranges  0x0000000000000090       0x20 ./Core/Src/stm32f4xx_hal_msp.o
 .debug_ranges  0x00000000000000b0       0x50 ./Core/Src/stm32f4xx_it.o
 .debug_ranges  0x0000000000000100       0x18 ./Core/Src/system_stm32f4xx.o
 .debug_ranges  0x0000000000000118       0x20 ./Core/Startup/startup_stm32f407vetx.o
 .debug_ranges  0x0000000000000138       0xe0 ./Drivers/STM32F4xx_HAL_Driver/Src/stm32f4xx_hal.o
 .debug_ranges  0x0000000000000218      0x108 ./Drivers/STM32F4xx_HAL_Driver/Src/stm32f4xx_hal_cortex.o
 .debug_ranges  0x0000000000000320       0x48 ./Drivers/STM32F4xx_HAL_Driver/Src/stm32f4xx_hal_gpio.o
 .debug_ranges  0x0000000000000368       0x90 ./Drivers/STM32F4xx_HAL_Driver/Src/stm32f4xx_hal_pwr.o
 .debug_ranges  0x00000000000003f8       0x78 ./Drivers/STM32F4xx_HAL_Driver/Src/stm32f4xx_hal_rcc.o
 .debug_ranges  0x0000000000000470      0x220 ./Drivers/STM32F4xx_HAL_Driver/Src/stm32f4xx_hal_uart.o

.debug_macro    0x0000000000000000    0x1fed0
 .debug_macro   0x0000000000000000      0x1d2 ./Core/Src/main.o
 .debug_macro   0x00000000000001d2      0xa78 ./Core/Src/main.o
 .debug_macro   0x0000000000000c4a      0x295 ./Core/Src/main.o
 .debug_macro   0x0000000000000edf       0x2e ./Core/Src/main.o
 .debug_macro   0x0000000000000f0d       0x2f ./Core/Src/main.o
 .debug_macro   0x0000000000000f3c       0x22 ./Core/Src/main.o
 .debug_macro   0x0000000000000f5e       0x8e ./Core/Src/main.o
 .debug_macro   0x0000000000000fec       0x51 ./Core/Src/main.o
 .debug_macro   0x000000000000103d      0x103 ./Core/Src/main.o
 .debug_macro   0x0000000000001140       0x6a ./Core/Src/main.o
 .debug_macro   0x00000000000011aa      0x1df ./Core/Src/main.o
 .debug_macro   0x0000000000001389       0x1c ./Core/Src/main.o
 .debug_macro   0x00000000000013a5       0x22 ./Core/Src/main.o
 .debug_macro   0x00000000000013c7       0xd9 ./Core/Src/main.o
 .debug_macro   0x00000000000014a0     0x102d ./Core/Src/main.o
 .debug_macro   0x00000000000024cd      0x11f ./Core/Src/main.o
 .debug_macro   0x00000000000025ec    0x15e82 ./Core/Src/main.o
 .debug_macro   0x000000000001846e       0x6d ./Core/Src/main.o
 .debug_macro   0x00000000000184db     0x367e ./Core/Src/main.o
 .debug_macro   0x000000000001bb59      0x174 ./Core/Src/main.o
 .debug_macro   0x000000000001bccd       0x5c ./Core/Src/main.o
 .debug_macro   0x000000000001bd29      0x96b ./Core/Src/main.o
 .debug_macro   0x000000000001c694      0x9fe ./Core/Src/main.o
 .debug_macro   0x000000000001d092      0x115 ./Core/Src/main.o
 .debug_macro   0x000000000001d1a7      0x13e ./Core/Src/main.o
 .debug_macro   0x000000000001d2e5       0xa5 ./Core/Src/main.o
 .debug_macro   0x000000000001d38a      0x174 ./Core/Src/main.o
 .debug_macro   0x000000000001d4fe      0x287 ./Core/Src/main.o
 .debug_macro   0x000000000001d785       0x5f ./Core/Src/main.o
 .debug_macro   0x000000000001d7e4      0x236 ./Core/Src/main.o
 .debug_macro   0x000000000001da1a      0x12c ./Core/Src/main.o
 .debug_macro   0x000000000001db46      0x21e ./Core/Src/main.o
 .debug_macro   0x000000000001dd64       0x2e ./Core/Src/main.o
 .debug_macro   0x000000000001dd92      0x11a ./Core/Src/main.o
 .debug_macro   0x000000000001deac       0x7e ./Core/Src/main.o
 .debug_macro   0x000000000001df2a       0x89 ./Core/Src/main.o
 .debug_macro   0x000000000001dfb3      0x295 ./Core/Src/main.o
 .debug_macro   0x000000000001e248      0x12d ./Core/Src/main.o
 .debug_macro   0x000000000001e375       0x1c ./Core/Src/main.o
 .debug_macro   0x000000000001e391       0x76 ./Core/Src/main.o
 .debug_macro   0x000000000001e407      0x2ad ./Core/Src/oled_SC2104.o
 .debug_macro   0x000000000001e6b4       0x70 ./Core/Src/oled_SC2104.o
 .debug_macro   0x000000000001e724       0x1e ./Core/Src/oled_SC2104.o
 .debug_macro   0x000000000001e742       0x52 ./Core/Src/oled_SC2104.o
 .debug_macro   0x000000000001e794       0x3c ./Core/Src/oled_SC2104.o
 .debug_macro   0x000000000001e7d0       0x34 ./Core/Src/oled_SC2104.o
 .debug_macro   0x000000000001e804       0x16 ./Core/Src/oled_SC2104.o
 .debug_macro   0x000000000001e81a       0x35 ./Core/Src/oled_SC2104.o
 .debug_macro   0x000000000001e84f       0x16 ./Core/Src/oled_SC2104.o
 .debug_macro   0x000000000001e865       0x43 ./Core/Src/oled_SC2104.o
 .debug_macro   0x000000000001e8a8       0x34 ./Core/Src/oled_SC2104.o
 .debug_macro   0x000000000001e8dc       0x10 ./Core/Src/oled_SC2104.o
 .debug_macro   0x000000000001e8ec       0x58 ./Core/Src/oled_SC2104.o
 .debug_macro   0x000000000001e944       0x71 ./Core/Src/oled_SC2104.o
 .debug_macro   0x000000000001e9b5       0x1c ./Core/Src/oled_SC2104.o
 .debug_macro   0x000000000001e9d1      0x12a ./Core/Src/oled_SC2104.o
 .debug_macro   0x000000000001eafb      0x341 ./Core/Src/oled_SC2104.o
 .debug_macro   0x000000000001ee3c       0x16 ./Core/Src/oled_SC2104.o
 .debug_macro   0x000000000001ee52       0x29 ./Core/Src/oled_SC2104.o
 .debug_macro   0x000000000001ee7b      0x1c9 ./Core/Src/stm32f4xx_hal_msp.o
 .debug_macro   0x000000000001f044      0x1d3 ./Core/Src/stm32f4xx_it.o
 .debug_macro   0x000000000001f217      0x1ba ./Core/Src/system_stm32f4xx.o
 .debug_macro   0x000000000001f3d1      0x21a ./Drivers/STM32F4xx_HAL_Driver/Src/stm32f4xx_hal.o
 .debug_macro   0x000000000001f5eb      0x1ba ./Drivers/STM32F4xx_HAL_Driver/Src/stm32f4xx_hal_cortex.o
 .debug_macro   0x000000000001f7a5      0x1c0 ./Drivers/STM32F4xx_HAL_Driver/Src/stm32f4xx_hal_gpio.o
 .debug_macro   0x000000000001f965      0x1d2 ./Drivers/STM32F4xx_HAL_Driver/Src/stm32f4xx_hal_pwr.o
 .debug_macro   0x000000000001fb37      0x1de ./Drivers/STM32F4xx_HAL_Driver/Src/stm32f4xx_hal_rcc.o
 .debug_macro   0x000000000001fd15      0x1bb ./Drivers/STM32F4xx_HAL_Driver/Src/stm32f4xx_hal_uart.o

.debug_line     0x0000000000000000     0x87e0
 .debug_line    0x0000000000000000      0x779 ./Core/Src/main.o
 .debug_line    0x0000000000000779      0xad9 ./Core/Src/oled_SC2104.o
 .debug_line    0x0000000000001252      0x6d3 ./Core/Src/stm32f4xx_hal_msp.o
 .debug_line    0x0000000000001925      0x749 ./Core/Src/stm32f4xx_it.o
 .debug_line    0x000000000000206e      0x708 ./Core/Src/system_stm32f4xx.o
 .debug_line    0x0000000000002776       0x88 ./Core/Startup/startup_stm32f407vetx.o
 .debug_line    0x00000000000027fe      0x96e ./Drivers/STM32F4xx_HAL_Driver/Src/stm32f4xx_hal.o
 .debug_line    0x000000000000316c      0xc1d ./Drivers/STM32F4xx_HAL_Driver/Src/stm32f4xx_hal_cortex.o
 .debug_line    0x0000000000003d89      0xae2 ./Drivers/STM32F4xx_HAL_Driver/Src/stm32f4xx_hal_gpio.o
 .debug_line    0x000000000000486b      0x87a ./Drivers/STM32F4xx_HAL_Driver/Src/stm32f4xx_hal_pwr.o
 .debug_line    0x00000000000050e5      0xce8 ./Drivers/STM32F4xx_HAL_Driver/Src/stm32f4xx_hal_rcc.o
 .debug_line    0x0000000000005dcd     0x2a13 ./Drivers/STM32F4xx_HAL_Driver/Src/stm32f4xx_hal_uart.o

.debug_str      0x0000000000000000    0xc1b0b
 .debug_str     0x0000000000000000    0xbcefe ./Core/Src/main.o
                                      0xbd1cd (size before relaxing)
 .debug_str     0x00000000000bcefe     0x2fb7 ./Core/Src/oled_SC2104.o
                                      0xbfac1 (size before relaxing)
 .debug_str     0x00000000000bfeb5       0x66 ./Core/Src/stm32f4xx_hal_msp.o
                                      0xbccb1 (size before relaxing)
 .debug_str     0x00000000000bff1b       0xc9 ./Core/Src/stm32f4xx_it.o
                                      0xbc740 (size before relaxing)
 .debug_str     0x00000000000bffe4       0xdb ./Core/Src/system_stm32f4xx.o
                                      0xbc812 (size before relaxing)
 .debug_str     0x00000000000c00bf       0x36 ./Core/Startup/startup_stm32f407vetx.o
                                         0x64 (size before relaxing)
 .debug_str     0x00000000000c00f5      0xafd ./Drivers/STM32F4xx_HAL_Driver/Src/stm32f4xx_hal.o
                                      0xbd396 (size before relaxing)
 .debug_str     0x00000000000c0bf2      0x34d ./Drivers/STM32F4xx_HAL_Driver/Src/stm32f4xx_hal_cortex.o
                                      0xbd0c9 (size before relaxing)
 .debug_str     0x00000000000c0f3f      0x11c ./Drivers/STM32F4xx_HAL_Driver/Src/stm32f4xx_hal_gpio.o
                                      0xbc98d (size before relaxing)
 .debug_str     0x00000000000c105b      0x235 ./Drivers/STM32F4xx_HAL_Driver/Src/stm32f4xx_hal_pwr.o
                                      0xbca48 (size before relaxing)
 .debug_str     0x00000000000c1290      0x233 ./Drivers/STM32F4xx_HAL_Driver/Src/stm32f4xx_hal_rcc.o
                                      0xbcc46 (size before relaxing)
 .debug_str     0x00000000000c14c3      0x648 ./Drivers/STM32F4xx_HAL_Driver/Src/stm32f4xx_hal_uart.o
                                      0xbd1e5 (size before relaxing)

.comment        0x0000000000000000       0x50
 .comment       0x0000000000000000       0x50 ./Core/Src/main.o
                                         0x51 (size before relaxing)
 .comment       0x0000000000000050       0x51 ./Core/Src/oled_SC2104.o
 .comment       0x0000000000000050       0x51 ./Core/Src/stm32f4xx_hal_msp.o
 .comment       0x0000000000000050       0x51 ./Core/Src/stm32f4xx_it.o
 .comment       0x0000000000000050       0x51 ./Core/Src/system_stm32f4xx.o
 .comment       0x0000000000000050       0x51 ./Drivers/STM32F4xx_HAL_Driver/Src/stm32f4xx_hal.o
 .comment       0x0000000000000050       0x51 ./Drivers/STM32F4xx_HAL_Driver/Src/stm32f4xx_hal_cortex.o
 .comment       0x0000000000000050       0x51 ./Drivers/STM32F4xx_HAL_Driver/Src/stm32f4xx_hal_gpio.o
 .comment       0x0000000000000050       0x51 ./Drivers/STM32F4xx_HAL_Driver/Src/stm32f4xx_hal_pwr.o
 .comment       0x0000000000000050       0x51 ./Drivers/STM32F4xx_HAL_Driver/Src/stm32f4xx_hal_rcc.o
 .comment       0x0000000000000050       0x51 ./Drivers/STM32F4xx_HAL_Driver/Src/stm32f4xx_hal_uart.o

.debug_frame    0x0000000000000000     0x1ba4
 .debug_frame   0x0000000000000000       0xac ./Core/Src/main.o
 .debug_frame   0x00000000000000ac      0x194 ./Core/Src/oled_SC2104.o
 .debug_frame   0x0000000000000240       0x80 ./Core/Src/stm32f4xx_hal_msp.o
 .debug_frame   0x00000000000002c0      0x104 ./Core/Src/stm32f4xx_it.o
 .debug_frame   0x00000000000003c4       0x58 ./Core/Src/system_stm32f4xx.o
 .debug_frame   0x000000000000041c      0x374 ./Drivers/STM32F4xx_HAL_Driver/Src/stm32f4xx_hal.o
 .debug_frame   0x0000000000000790      0x498 ./Drivers/STM32F4xx_HAL_Driver/Src/stm32f4xx_hal_cortex.o
 .debug_frame   0x0000000000000c28      0x14c ./Drivers/STM32F4xx_HAL_Driver/Src/stm32f4xx_hal_gpio.o
 .debug_frame   0x0000000000000d74      0x264 ./Drivers/STM32F4xx_HAL_Driver/Src/stm32f4xx_hal_pwr.o
 .debug_frame   0x0000000000000fd8      0x1f4 ./Drivers/STM32F4xx_HAL_Driver/Src/stm32f4xx_hal_rcc.o
 .debug_frame   0x00000000000011cc      0x92c ./Drivers/STM32F4xx_HAL_Driver/Src/stm32f4xx_hal_uart.o
 .debug_frame   0x0000000000001af8       0x2c c:/st/stm32cubeide_1.9.0/stm32cubeide/plugins/com.st.stm32cube.ide.mcu.externaltools.gnu-tools-for-stm32.10.3-2021.10.win32_1.0.0.202111181127/tools/bin/../lib/gcc/arm-none-eabi/10.3.1/../../../../arm-none-eabi/lib/thumb/v7e-m+fp/hard\libc_nano.a(lib_a-init.o)
 .debug_frame   0x0000000000001b24       0x20 c:/st/stm32cubeide_1.9.0/stm32cubeide/plugins/com.st.stm32cube.ide.mcu.externaltools.gnu-tools-for-stm32.10.3-2021.10.win32_1.0.0.202111181127/tools/bin/../lib/gcc/arm-none-eabi/10.3.1/../../../../arm-none-eabi/lib/thumb/v7e-m+fp/hard\libc_nano.a(lib_a-memset.o)
 .debug_frame   0x0000000000001b44       0x2c c:/st/stm32cubeide_1.9.0/stm32cubeide/plugins/com.st.stm32cube.ide.mcu.externaltools.gnu-tools-for-stm32.10.3-2021.10.win32_1.0.0.202111181127/tools/bin/../lib/gcc/arm-none-eabi/10.3.1/thumb/v7e-m+fp/hard\libgcc.a(_aeabi_uldivmod.o)
 .debug_frame   0x0000000000001b70       0x34 c:/st/stm32cubeide_1.9.0/stm32cubeide/plugins/com.st.stm32cube.ide.mcu.externaltools.gnu-tools-for-stm32.10.3-2021.10.win32_1.0.0.202111181127/tools/bin/../lib/gcc/arm-none-eabi/10.3.1/thumb/v7e-m+fp/hard\libgcc.a(_udivmoddi4.o)
